// Jest Snapshot v1, https://goo.gl/fbAQLP

exports[`App component renders App 1`] = `
<DocumentFragment>
  <div>
    <div
      class="header"
    >
      <h1
        class="headerText"
      >
        RESTy
      </h1>
    </div>
    <ul
      class="redHeader"
    >
      <li>
        Home
      </li>
      <li>
        History
      </li>
      <li>
        Help
      </li>
    </ul>
    <div
      class="requestView"
    >
      <form>
        <input
          name="url"
          placeholder="http://api.url.here"
          type="text"
          value=""
        />
        <button
          for="url"
        >
          GO!
        </button>
        <div
          class="radioButtons"
        >
          <input
            class="radio"
            name="method"
            type="radio"
            value="get"
          />
          <label
            for="get"
          >
            GET
          </label>
          <input
            class="radio"
            name="method"
            type="radio"
            value="post"
          />
          <label
            for="get"
          >
            POST
          </label>
          <input
            class="radio"
            name="method"
            type="radio"
            value="put"
          />
          <label
            for="get"
          >
            PUT
          </label>
          <input
            class="radio"
            name="method"
            type="radio"
            value="delete"
          />
          <label
            for="get"
          >
            DELETE
          </label>
        </div>
        <textarea
          placeholder="JSON Here"
        />
      </form>
    </div>
  </div>
</DocumentFragment>
`;
